// Jest Snapshot v1, https://goo.gl/fbAQLP

exports[`renders Button correctly 1`] = `
<DocumentFragment>
  <button
    class="button"
    style="background-color: grey;"
  />
</DocumentFragment>
`;
